# Verified Robinhood testnet deployments (OwnRules v2, recipient-programmed compliance).
# No secrets or production assets. v1 addresses: contracts/deployments/robinhood-testnet.v1.json
ROBINHOOD_TESTNET_RPC_URL=https://rpc.testnet.chain.robinhood.com
ROBINHOOD_OWNRULES_ADDRESS=0x5EBe85fF24699925be0054c96ef7e8bb444FB1DB
ROBINHOOD_DEMO_ADAPTER_ADDRESS=0xfb2C898DB77D6FECba6b6A9e4Cd8A0869F166734
ROBINHOOD_DEMO_ASSET_ADDRESS=0x6BD8c0B70953A547119a7596BCf985f00389D60f
ROBINHOOD_DEPLOYMENT_BLOCK=128647610
ROBINHOOD_AGENT_MODE=execute
ROBINHOOD_AGENT_STATE_FILE=/opt/ownpay/robinhood-agent/v2/state.json
ROBINHOOD_AGENT_HEALTH_FILE=/opt/ownpay/robinhood-agent/v2/health.json
