# Verified Robinhood testnet deployments. No secrets or production assets.
ROBINHOOD_TESTNET_RPC_URL=https://rpc.testnet.chain.robinhood.com
ROBINHOOD_OWNRULES_ADDRESS=0x8173e2f3D59A633eEf99Dfd926f5Bc0a1D3922a9
ROBINHOOD_DEMO_ADAPTER_ADDRESS=0xACdF5260e2d89Cd29c3b09a32EEf3Ae6aB679081
ROBINHOOD_DEMO_ASSET_ADDRESS=0x3B35F85c74CeC2fF39b58bdAd858EbC8a0d7AD84
ROBINHOOD_DEPLOYMENT_BLOCK=128143748
ROBINHOOD_AGENT_MODE=observe
OWNPAY_ROBINHOOD_WEB_ROOT=/opt/ownpay/releases/robinhood-20261003/web
ROBINHOOD_AGENT_STATE_FILE=/opt/ownpay/web/.robinhood-agent/state.json
ROBINHOOD_AGENT_HEALTH_FILE=/opt/ownpay/web/.robinhood-agent/health.json
